Archive member included to satisfy reference by file (symbol)

/usr/lib/gcc/arm-none-eabi/10.3.1/../../../arm-none-eabi/lib/thumb/v7e-m+fp/hard/libc_nano.a(lib_a-atexit.o)
                              /usr/lib/gcc/arm-none-eabi/10.3.1/../../../arm-none-eabi/lib/thumb/v7e-m+fp/hard/crt0.o (atexit)
/usr/lib/gcc/arm-none-eabi/10.3.1/../../../arm-none-eabi/lib/thumb/v7e-m+fp/hard/libc_nano.a(lib_a-exit.o)
                              /usr/lib/gcc/arm-none-eabi/10.3.1/../../../arm-none-eabi/lib/thumb/v7e-m+fp/hard/crt0.o (exit)
/usr/lib/gcc/arm-none-eabi/10.3.1/../../../arm-none-eabi/lib/thumb/v7e-m+fp/hard/libc_nano.a(lib_a-fini.o)
                              /usr/lib/gcc/arm-none-eabi/10.3.1/../../../arm-none-eabi/lib/thumb/v7e-m+fp/hard/crt0.o (__libc_fini_array)
/usr/lib/gcc/arm-none-eabi/10.3.1/../../../arm-none-eabi/lib/thumb/v7e-m+fp/hard/libc_nano.a(lib_a-impure.o)
                              /usr/lib/gcc/arm-none-eabi/10.3.1/../../../arm-none-eabi/lib/thumb/v7e-m+fp/hard/libc_nano.a(lib_a-exit.o) (_global_impure_ptr)
/usr/lib/gcc/arm-none-eabi/10.3.1/../../../arm-none-eabi/lib/thumb/v7e-m+fp/hard/libc_nano.a(lib_a-init.o)
                              /usr/lib/gcc/arm-none-eabi/10.3.1/../../../arm-none-eabi/lib/thumb/v7e-m+fp/hard/crt0.o (__libc_init_array)
/usr/lib/gcc/arm-none-eabi/10.3.1/../../../arm-none-eabi/lib/thumb/v7e-m+fp/hard/libc_nano.a(lib_a-memset.o)
                              /usr/lib/gcc/arm-none-eabi/10.3.1/../../../arm-none-eabi/lib/thumb/v7e-m+fp/hard/crt0.o (memset)
/usr/lib/gcc/arm-none-eabi/10.3.1/../../../arm-none-eabi/lib/thumb/v7e-m+fp/hard/libc_nano.a(lib_a-__atexit.o)
                              /usr/lib/gcc/arm-none-eabi/10.3.1/../../../arm-none-eabi/lib/thumb/v7e-m+fp/hard/libc_nano.a(lib_a-atexit.o) (__register_exitproc)
/usr/lib/gcc/arm-none-eabi/10.3.1/../../../arm-none-eabi/lib/thumb/v7e-m+fp/hard/libc_nano.a(lib_a-__call_atexit.o)
                              /usr/lib/gcc/arm-none-eabi/10.3.1/../../../arm-none-eabi/lib/thumb/v7e-m+fp/hard/libc_nano.a(lib_a-__atexit.o) (__call_exitprocs)
/usr/lib/gcc/arm-none-eabi/10.3.1/../../../arm-none-eabi/lib/thumb/v7e-m+fp/hard/libnosys.a(_exit.o)
                              /usr/lib/gcc/arm-none-eabi/10.3.1/../../../arm-none-eabi/lib/thumb/v7e-m+fp/hard/libc_nano.a(lib_a-exit.o) (_exit)

Discarded input sections

 .text          0x0000000000000000        0x0 /usr/lib/gcc/arm-none-eabi/10.3.1/thumb/v7e-m+fp/hard/crti.o
 .data          0x0000000000000000        0x0 /usr/lib/gcc/arm-none-eabi/10.3.1/thumb/v7e-m+fp/hard/crti.o
 .bss           0x0000000000000000        0x0 /usr/lib/gcc/arm-none-eabi/10.3.1/thumb/v7e-m+fp/hard/crti.o
 .data          0x0000000000000000        0x4 /usr/lib/gcc/arm-none-eabi/10.3.1/thumb/v7e-m+fp/hard/crtbegin.o
 .rodata        0x0000000000000000       0x24 /usr/lib/gcc/arm-none-eabi/10.3.1/thumb/v7e-m+fp/hard/crtbegin.o
 .text          0x0000000000000000       0x70 /usr/lib/gcc/arm-none-eabi/10.3.1/../../../arm-none-eabi/lib/thumb/v7e-m+fp/hard/crt0.o
 .data          0x0000000000000000        0x0 /usr/lib/gcc/arm-none-eabi/10.3.1/../../../arm-none-eabi/lib/thumb/v7e-m+fp/hard/crt0.o
 .bss           0x0000000000000000        0x0 /usr/lib/gcc/arm-none-eabi/10.3.1/../../../arm-none-eabi/lib/thumb/v7e-m+fp/hard/crt0.o
 .ARM.extab     0x0000000000000000        0x0 /usr/lib/gcc/arm-none-eabi/10.3.1/../../../arm-none-eabi/lib/thumb/v7e-m+fp/hard/crt0.o
 .ARM.exidx     0x0000000000000000       0x10 /usr/lib/gcc/arm-none-eabi/10.3.1/../../../arm-none-eabi/lib/thumb/v7e-m+fp/hard/crt0.o
 .debug_line    0x0000000000000000       0x87 /usr/lib/gcc/arm-none-eabi/10.3.1/../../../arm-none-eabi/lib/thumb/v7e-m+fp/hard/crt0.o
 .debug_info    0x0000000000000000       0x26 /usr/lib/gcc/arm-none-eabi/10.3.1/../../../arm-none-eabi/lib/thumb/v7e-m+fp/hard/crt0.o
 .debug_abbrev  0x0000000000000000       0x14 /usr/lib/gcc/arm-none-eabi/10.3.1/../../../arm-none-eabi/lib/thumb/v7e-m+fp/hard/crt0.o
 .debug_aranges
                0x0000000000000000       0x20 /usr/lib/gcc/arm-none-eabi/10.3.1/../../../arm-none-eabi/lib/thumb/v7e-m+fp/hard/crt0.o
 .debug_str     0x0000000000000000       0x98 /usr/lib/gcc/arm-none-eabi/10.3.1/../../../arm-none-eabi/lib/thumb/v7e-m+fp/hard/crt0.o
 .ARM.attributes
                0x0000000000000000       0x1c /usr/lib/gcc/arm-none-eabi/10.3.1/../../../arm-none-eabi/lib/thumb/v7e-m+fp/hard/crt0.o
 .text          0x0000000000000000        0x0 build/main.o
 .data          0x0000000000000000        0x0 build/main.o
 .bss           0x0000000000000000        0x0 build/main.o
 .text          0x0000000000000000        0x0 build/delay.o
 .data          0x0000000000000000        0x0 build/delay.o
 .bss           0x0000000000000000        0x0 build/delay.o
 .text.delay_us
                0x0000000000000000       0x2c build/delay.o
 .text          0x0000000000000000        0x0 build/signal_led.o
 .data          0x0000000000000000        0x0 build/signal_led.o
 .bss           0x0000000000000000        0x0 build/signal_led.o
 .text          0x0000000000000000        0x0 build/stm32f4xx_gpio.o
 .data          0x0000000000000000        0x0 build/stm32f4xx_gpio.o
 .bss           0x0000000000000000        0x0 build/stm32f4xx_gpio.o
 .text.GPIO_DeInit
                0x0000000000000000      0x104 build/stm32f4xx_gpio.o
 .text.GPIO_StructInit
                0x0000000000000000       0x12 build/stm32f4xx_gpio.o
 .text.GPIO_PinLockConfig
                0x0000000000000000       0x24 build/stm32f4xx_gpio.o
 .text.GPIO_ReadInputDataBit
                0x0000000000000000        0xe build/stm32f4xx_gpio.o
 .text.GPIO_ReadInputData
                0x0000000000000000        0x6 build/stm32f4xx_gpio.o
 .text.GPIO_ReadOutputDataBit
                0x0000000000000000        0xe build/stm32f4xx_gpio.o
 .text.GPIO_ReadOutputData
                0x0000000000000000        0x6 build/stm32f4xx_gpio.o
 .text.GPIO_ResetBits
                0x0000000000000000        0x4 build/stm32f4xx_gpio.o
 .text.GPIO_Write
                0x0000000000000000        0x4 build/stm32f4xx_gpio.o
 .text.GPIO_ToggleBits
                0x0000000000000000        0x8 build/stm32f4xx_gpio.o
 .text.GPIO_PinAFConfig
                0x0000000000000000       0x34 build/stm32f4xx_gpio.o
 .text          0x0000000000000000        0x0 build/stm32f4xx_rcc.o
 .data          0x0000000000000000        0x0 build/stm32f4xx_rcc.o
 .bss           0x0000000000000000        0x0 build/stm32f4xx_rcc.o
 .text.RCC_AdjustHSICalibrationValue
                0x0000000000000000       0x14 build/stm32f4xx_rcc.o
 .text.RCC_LSEConfig
                0x0000000000000000       0x30 build/stm32f4xx_rcc.o
 .text.RCC_LSICmd
                0x0000000000000000        0xc build/stm32f4xx_rcc.o
 .text.RCC_PLLI2SConfig
                0x0000000000000000       0x14 build/stm32f4xx_rcc.o
 .text.RCC_PLLI2SCmd
                0x0000000000000000        0xc build/stm32f4xx_rcc.o
 .text.RCC_ClockSecuritySystemCmd
                0x0000000000000000        0xc build/stm32f4xx_rcc.o
 .text.RCC_MCO1Config
                0x0000000000000000       0x14 build/stm32f4xx_rcc.o
 .text.RCC_MCO2Config
                0x0000000000000000       0x14 build/stm32f4xx_rcc.o
 .text.RCC_GetClocksFreq
                0x0000000000000000       0xb8 build/stm32f4xx_rcc.o
 .text.RCC_RTCCLKConfig
                0x0000000000000000       0x34 build/stm32f4xx_rcc.o
 .text.RCC_RTCCLKCmd
                0x0000000000000000        0xc build/stm32f4xx_rcc.o
 .text.RCC_BackupResetCmd
                0x0000000000000000        0xc build/stm32f4xx_rcc.o
 .text.RCC_I2SCLKConfig
                0x0000000000000000        0xc build/stm32f4xx_rcc.o
 .text.RCC_AHB2PeriphClockCmd
                0x0000000000000000       0x1c build/stm32f4xx_rcc.o
 .text.RCC_AHB3PeriphClockCmd
                0x0000000000000000       0x1c build/stm32f4xx_rcc.o
 .text.RCC_APB1PeriphClockCmd
                0x0000000000000000       0x1c build/stm32f4xx_rcc.o
 .text.RCC_APB2PeriphClockCmd
                0x0000000000000000       0x1c build/stm32f4xx_rcc.o
 .text.RCC_AHB1PeriphResetCmd
                0x0000000000000000       0x1c build/stm32f4xx_rcc.o
 .text.RCC_AHB2PeriphResetCmd
                0x0000000000000000       0x1c build/stm32f4xx_rcc.o
 .text.RCC_AHB3PeriphResetCmd
                0x0000000000000000       0x1c build/stm32f4xx_rcc.o
 .text.RCC_APB1PeriphResetCmd
                0x0000000000000000       0x1c build/stm32f4xx_rcc.o
 .text.RCC_APB2PeriphResetCmd
                0x0000000000000000       0x1c build/stm32f4xx_rcc.o
 .text.RCC_AHB1PeriphClockLPModeCmd
                0x0000000000000000       0x1c build/stm32f4xx_rcc.o
 .text.RCC_AHB2PeriphClockLPModeCmd
                0x0000000000000000       0x1c build/stm32f4xx_rcc.o
 .text.RCC_AHB3PeriphClockLPModeCmd
                0x0000000000000000       0x1c build/stm32f4xx_rcc.o
 .text.RCC_APB1PeriphClockLPModeCmd
                0x0000000000000000       0x1c build/stm32f4xx_rcc.o
 .text.RCC_APB2PeriphClockLPModeCmd
                0x0000000000000000       0x1c build/stm32f4xx_rcc.o
 .text.RCC_ITConfig
                0x0000000000000000       0x1c build/stm32f4xx_rcc.o
 .text.RCC_ClearFlag
                0x0000000000000000       0x10 build/stm32f4xx_rcc.o
 .text.RCC_GetITStatus
                0x0000000000000000       0x14 build/stm32f4xx_rcc.o
 .text.RCC_ClearITPendingBit
                0x0000000000000000        0xc build/stm32f4xx_rcc.o
 .data.APBAHBPrescTable
                0x0000000000000000       0x10 build/stm32f4xx_rcc.o
 .text          0x0000000000000000        0x0 build/system_stm32f4xx.o
 .data          0x0000000000000000        0x0 build/system_stm32f4xx.o
 .bss           0x0000000000000000        0x0 build/system_stm32f4xx.o
 .text.SystemCoreClockUpdate
                0x0000000000000000       0xa0 build/system_stm32f4xx.o
 .rodata.AHBPrescTable
                0x0000000000000000       0x10 build/system_stm32f4xx.o
 .rodata.APBPrescTable
                0x0000000000000000        0x8 build/system_stm32f4xx.o
 .text          0x0000000000000000       0x14 build/startup_stm32f4xx.o
 .data          0x0000000000000000        0x0 build/startup_stm32f4xx.o
 .bss           0x0000000000000000        0x0 build/startup_stm32f4xx.o
 .text          0x0000000000000000        0xc /usr/lib/gcc/arm-none-eabi/10.3.1/../../../arm-none-eabi/lib/thumb/v7e-m+fp/hard/libc_nano.a(lib_a-atexit.o)
 .data          0x0000000000000000        0x0 /usr/lib/gcc/arm-none-eabi/10.3.1/../../../arm-none-eabi/lib/thumb/v7e-m+fp/hard/libc_nano.a(lib_a-atexit.o)
 .bss           0x0000000000000000        0x0 /usr/lib/gcc/arm-none-eabi/10.3.1/../../../arm-none-eabi/lib/thumb/v7e-m+fp/hard/libc_nano.a(lib_a-atexit.o)
 .debug_info    0x0000000000000000      0x100 /usr/lib/gcc/arm-none-eabi/10.3.1/../../../arm-none-eabi/lib/thumb/v7e-m+fp/hard/libc_nano.a(lib_a-atexit.o)
 .debug_abbrev  0x0000000000000000       0xb7 /usr/lib/gcc/arm-none-eabi/10.3.1/../../../arm-none-eabi/lib/thumb/v7e-m+fp/hard/libc_nano.a(lib_a-atexit.o)
 .debug_loc     0x0000000000000000       0x32 /usr/lib/gcc/arm-none-eabi/10.3.1/../../../arm-none-eabi/lib/thumb/v7e-m+fp/hard/libc_nano.a(lib_a-atexit.o)
 .debug_aranges
                0x0000000000000000       0x20 /usr/lib/gcc/arm-none-eabi/10.3.1/../../../arm-none-eabi/lib/thumb/v7e-m+fp/hard/libc_nano.a(lib_a-atexit.o)
 .debug_line    0x0000000000000000       0xc0 /usr/lib/gcc/arm-none-eabi/10.3.1/../../../arm-none-eabi/lib/thumb/v7e-m+fp/hard/libc_nano.a(lib_a-atexit.o)
 .debug_str     0x0000000000000000      0x1e9 /usr/lib/gcc/arm-none-eabi/10.3.1/../../../arm-none-eabi/lib/thumb/v7e-m+fp/hard/libc_nano.a(lib_a-atexit.o)
 .comment       0x0000000000000000       0x34 /usr/lib/gcc/arm-none-eabi/10.3.1/../../../arm-none-eabi/lib/thumb/v7e-m+fp/hard/libc_nano.a(lib_a-atexit.o)
 .debug_frame   0x0000000000000000       0x20 /usr/lib/gcc/arm-none-eabi/10.3.1/../../../arm-none-eabi/lib/thumb/v7e-m+fp/hard/libc_nano.a(lib_a-atexit.o)
 .ARM.attributes
                0x0000000000000000       0x34 /usr/lib/gcc/arm-none-eabi/10.3.1/../../../arm-none-eabi/lib/thumb/v7e-m+fp/hard/libc_nano.a(lib_a-atexit.o)
 .text          0x0000000000000000       0x28 /usr/lib/gcc/arm-none-eabi/10.3.1/../../../arm-none-eabi/lib/thumb/v7e-m+fp/hard/libc_nano.a(lib_a-exit.o)
 .data          0x0000000000000000        0x0 /usr/lib/gcc/arm-none-eabi/10.3.1/../../../arm-none-eabi/lib/thumb/v7e-m+fp/hard/libc_nano.a(lib_a-exit.o)
 .bss           0x0000000000000000        0x0 /usr/lib/gcc/arm-none-eabi/10.3.1/../../../arm-none-eabi/lib/thumb/v7e-m+fp/hard/libc_nano.a(lib_a-exit.o)
 .debug_info    0x0000000000000000      0x81a /usr/lib/gcc/arm-none-eabi/10.3.1/../../../arm-none-eabi/lib/thumb/v7e-m+fp/hard/libc_nano.a(lib_a-exit.o)
 .debug_abbrev  0x0000000000000000      0x1ba /usr/lib/gcc/arm-none-eabi/10.3.1/../../../arm-none-eabi/lib/thumb/v7e-m+fp/hard/libc_nano.a(lib_a-exit.o)
 .debug_loc     0x0000000000000000       0x22 /usr/lib/gcc/arm-none-eabi/10.3.1/../../../arm-none-eabi/lib/thumb/v7e-m+fp/hard/libc_nano.a(lib_a-exit.o)
 .debug_aranges
                0x0000000000000000       0x20 /usr/lib/gcc/arm-none-eabi/10.3.1/../../../arm-none-eabi/lib/thumb/v7e-m+fp/hard/libc_nano.a(lib_a-exit.o)
 .debug_line    0x0000000000000000      0x16d /usr/lib/gcc/arm-none-eabi/10.3.1/../../../arm-none-eabi/lib/thumb/v7e-m+fp/hard/libc_nano.a(lib_a-exit.o)
 .debug_str     0x0000000000000000      0x528 /usr/lib/gcc/arm-none-eabi/10.3.1/../../../arm-none-eabi/lib/thumb/v7e-m+fp/hard/libc_nano.a(lib_a-exit.o)
 .comment       0x0000000000000000       0x34 /usr/lib/gcc/arm-none-eabi/10.3.1/../../../arm-none-eabi/lib/thumb/v7e-m+fp/hard/libc_nano.a(lib_a-exit.o)
 .debug_frame   0x0000000000000000       0x28 /usr/lib/gcc/arm-none-eabi/10.3.1/../../../arm-none-eabi/lib/thumb/v7e-m+fp/hard/libc_nano.a(lib_a-exit.o)
 .ARM.attributes
                0x0000000000000000       0x34 /usr/lib/gcc/arm-none-eabi/10.3.1/../../../arm-none-eabi/lib/thumb/v7e-m+fp/hard/libc_nano.a(lib_a-exit.o)
 .text          0x0000000000000000       0x2c /usr/lib/gcc/arm-none-eabi/10.3.1/../../../arm-none-eabi/lib/thumb/v7e-m+fp/hard/libc_nano.a(lib_a-fini.o)
 .data          0x0000000000000000        0x0 /usr/lib/gcc/arm-none-eabi/10.3.1/../../../arm-none-eabi/lib/thumb/v7e-m+fp/hard/libc_nano.a(lib_a-fini.o)
 .bss           0x0000000000000000        0x0 /usr/lib/gcc/arm-none-eabi/10.3.1/../../../arm-none-eabi/lib/thumb/v7e-m+fp/hard/libc_nano.a(lib_a-fini.o)
 .debug_info    0x0000000000000000      0x102 /usr/lib/gcc/arm-none-eabi/10.3.1/../../../arm-none-eabi/lib/thumb/v7e-m+fp/hard/libc_nano.a(lib_a-fini.o)
 .debug_abbrev  0x0000000000000000       0xcf /usr/lib/gcc/arm-none-eabi/10.3.1/../../../arm-none-eabi/lib/thumb/v7e-m+fp/hard/libc_nano.a(lib_a-fini.o)
 .debug_loc     0x0000000000000000       0x68 /usr/lib/gcc/arm-none-eabi/10.3.1/../../../arm-none-eabi/lib/thumb/v7e-m+fp/hard/libc_nano.a(lib_a-fini.o)
 .debug_aranges
                0x0000000000000000       0x20 /usr/lib/gcc/arm-none-eabi/10.3.1/../../../arm-none-eabi/lib/thumb/v7e-m+fp/hard/libc_nano.a(lib_a-fini.o)
 .debug_line    0x0000000000000000       0xed /usr/lib/gcc/arm-none-eabi/10.3.1/../../../arm-none-eabi/lib/thumb/v7e-m+fp/hard/libc_nano.a(lib_a-fini.o)
 .debug_str     0x0000000000000000      0x1e1 /usr/lib/gcc/arm-none-eabi/10.3.1/../../../arm-none-eabi/lib/thumb/v7e-m+fp/hard/libc_nano.a(lib_a-fini.o)
 .comment       0x0000000000000000       0x34 /usr/lib/gcc/arm-none-eabi/10.3.1/../../../arm-none-eabi/lib/thumb/v7e-m+fp/hard/libc_nano.a(lib_a-fini.o)
 .debug_frame   0x0000000000000000       0x34 /usr/lib/gcc/arm-none-eabi/10.3.1/../../../arm-none-eabi/lib/thumb/v7e-m+fp/hard/libc_nano.a(lib_a-fini.o)
 .ARM.attributes
                0x0000000000000000       0x34 /usr/lib/gcc/arm-none-eabi/10.3.1/../../../arm-none-eabi/lib/thumb/v7e-m+fp/hard/libc_nano.a(lib_a-fini.o)
 .text          0x0000000000000000        0x0 /usr/lib/gcc/arm-none-eabi/10.3.1/../../../arm-none-eabi/lib/thumb/v7e-m+fp/hard/libc_nano.a(lib_a-impure.o)
 .data          0x0000000000000000       0x64 /usr/lib/gcc/arm-none-eabi/10.3.1/../../../arm-none-eabi/lib/thumb/v7e-m+fp/hard/libc_nano.a(lib_a-impure.o)
 .bss           0x0000000000000000        0x0 /usr/lib/gcc/arm-none-eabi/10.3.1/../../../arm-none-eabi/lib/thumb/v7e-m+fp/hard/libc_nano.a(lib_a-impure.o)
 .rodata        0x0000000000000000        0x4 /usr/lib/gcc/arm-none-eabi/10.3.1/../../../arm-none-eabi/lib/thumb/v7e-m+fp/hard/libc_nano.a(lib_a-impure.o)
 .debug_info    0x0000000000000000      0x863 /usr/lib/gcc/arm-none-eabi/10.3.1/../../../arm-none-eabi/lib/thumb/v7e-m+fp/hard/libc_nano.a(lib_a-impure.o)
 .debug_abbrev  0x0000000000000000      0x151 /usr/lib/gcc/arm-none-eabi/10.3.1/../../../arm-none-eabi/lib/thumb/v7e-m+fp/hard/libc_nano.a(lib_a-impure.o)
 .debug_aranges
                0x0000000000000000       0x18 /usr/lib/gcc/arm-none-eabi/10.3.1/../../../arm-none-eabi/lib/thumb/v7e-m+fp/hard/libc_nano.a(lib_a-impure.o)
 .debug_line    0x0000000000000000       0xe4 /usr/lib/gcc/arm-none-eabi/10.3.1/../../../arm-none-eabi/lib/thumb/v7e-m+fp/hard/libc_nano.a(lib_a-impure.o)
 .debug_str     0x0000000000000000      0x55e /usr/lib/gcc/arm-none-eabi/10.3.1/../../../arm-none-eabi/lib/thumb/v7e-m+fp/hard/libc_nano.a(lib_a-impure.o)
 .comment       0x0000000000000000       0x34 /usr/lib/gcc/arm-none-eabi/10.3.1/../../../arm-none-eabi/lib/thumb/v7e-m+fp/hard/libc_nano.a(lib_a-impure.o)
 .ARM.attributes
                0x0000000000000000       0x32 /usr/lib/gcc/arm-none-eabi/10.3.1/../../../arm-none-eabi/lib/thumb/v7e-m+fp/hard/libc_nano.a(lib_a-impure.o)
 .data          0x0000000000000000        0x0 /usr/lib/gcc/arm-none-eabi/10.3.1/../../../arm-none-eabi/lib/thumb/v7e-m+fp/hard/libc_nano.a(lib_a-init.o)
 .bss           0x0000000000000000        0x0 /usr/lib/gcc/arm-none-eabi/10.3.1/../../../arm-none-eabi/lib/thumb/v7e-m+fp/hard/libc_nano.a(lib_a-init.o)
 .text          0x0000000000000000       0xa4 /usr/lib/gcc/arm-none-eabi/10.3.1/../../../arm-none-eabi/lib/thumb/v7e-m+fp/hard/libc_nano.a(lib_a-memset.o)
 .data          0x0000000000000000        0x0 /usr/lib/gcc/arm-none-eabi/10.3.1/../../../arm-none-eabi/lib/thumb/v7e-m+fp/hard/libc_nano.a(lib_a-memset.o)
 .bss           0x0000000000000000        0x0 /usr/lib/gcc/arm-none-eabi/10.3.1/../../../arm-none-eabi/lib/thumb/v7e-m+fp/hard/libc_nano.a(lib_a-memset.o)
 .debug_info    0x0000000000000000      0x137 /usr/lib/gcc/arm-none-eabi/10.3.1/../../../arm-none-eabi/lib/thumb/v7e-m+fp/hard/libc_nano.a(lib_a-memset.o)
 .debug_abbrev  0x0000000000000000       0xb4 /usr/lib/gcc/arm-none-eabi/10.3.1/../../../arm-none-eabi/lib/thumb/v7e-m+fp/hard/libc_nano.a(lib_a-memset.o)
 .debug_loc     0x0000000000000000      0x22c /usr/lib/gcc/arm-none-eabi/10.3.1/../../../arm-none-eabi/lib/thumb/v7e-m+fp/hard/libc_nano.a(lib_a-memset.o)
 .debug_aranges
                0x0000000000000000       0x20 /usr/lib/gcc/arm-none-eabi/10.3.1/../../../arm-none-eabi/lib/thumb/v7e-m+fp/hard/libc_nano.a(lib_a-memset.o)
 .debug_line    0x0000000000000000      0x1bf /usr/lib/gcc/arm-none-eabi/10.3.1/../../../arm-none-eabi/lib/thumb/v7e-m+fp/hard/libc_nano.a(lib_a-memset.o)
 .debug_str     0x0000000000000000      0x1c0 /usr/lib/gcc/arm-none-eabi/10.3.1/../../../arm-none-eabi/lib/thumb/v7e-m+fp/hard/libc_nano.a(lib_a-memset.o)
 .comment       0x0000000000000000       0x34 /usr/lib/gcc/arm-none-eabi/10.3.1/../../../arm-none-eabi/lib/thumb/v7e-m+fp/hard/libc_nano.a(lib_a-memset.o)
 .debug_frame   0x0000000000000000       0x2c /usr/lib/gcc/arm-none-eabi/10.3.1/../../../arm-none-eabi/lib/thumb/v7e-m+fp/hard/libc_nano.a(lib_a-memset.o)
 .ARM.attributes
                0x0000000000000000       0x34 /usr/lib/gcc/arm-none-eabi/10.3.1/../../../arm-none-eabi/lib/thumb/v7e-m+fp/hard/libc_nano.a(lib_a-memset.o)
 .text          0x0000000000000000       0xac /usr/lib/gcc/arm-none-eabi/10.3.1/../../../arm-none-eabi/lib/thumb/v7e-m+fp/hard/libc_nano.a(lib_a-__atexit.o)
 .data          0x0000000000000000        0x4 /usr/lib/gcc/arm-none-eabi/10.3.1/../../../arm-none-eabi/lib/thumb/v7e-m+fp/hard/libc_nano.a(lib_a-__atexit.o)
 .bss           0x0000000000000000       0x8c /usr/lib/gcc/arm-none-eabi/10.3.1/../../../arm-none-eabi/lib/thumb/v7e-m+fp/hard/libc_nano.a(lib_a-__atexit.o)
 .debug_info    0x0000000000000000      0x269 /usr/lib/gcc/arm-none-eabi/10.3.1/../../../arm-none-eabi/lib/thumb/v7e-m+fp/hard/libc_nano.a(lib_a-__atexit.o)
 .debug_abbrev  0x0000000000000000      0x1bd /usr/lib/gcc/arm-none-eabi/10.3.1/../../../arm-none-eabi/lib/thumb/v7e-m+fp/hard/libc_nano.a(lib_a-__atexit.o)
 .debug_loc     0x0000000000000000      0x1f5 /usr/lib/gcc/arm-none-eabi/10.3.1/../../../arm-none-eabi/lib/thumb/v7e-m+fp/hard/libc_nano.a(lib_a-__atexit.o)
 .debug_aranges
                0x0000000000000000       0x20 /usr/lib/gcc/arm-none-eabi/10.3.1/../../../arm-none-eabi/lib/thumb/v7e-m+fp/hard/libc_nano.a(lib_a-__atexit.o)
 .debug_line    0x0000000000000000      0x1ec /usr/lib/gcc/arm-none-eabi/10.3.1/../../../arm-none-eabi/lib/thumb/v7e-m+fp/hard/libc_nano.a(lib_a-__atexit.o)
 .debug_str     0x0000000000000000      0x297 /usr/lib/gcc/arm-none-eabi/10.3.1/../../../arm-none-eabi/lib/thumb/v7e-m+fp/hard/libc_nano.a(lib_a-__atexit.o)
 .comment       0x0000000000000000       0x34 /usr/lib/gcc/arm-none-eabi/10.3.1/../../../arm-none-eabi/lib/thumb/v7e-m+fp/hard/libc_nano.a(lib_a-__atexit.o)
 .debug_frame   0x0000000000000000       0x38 /usr/lib/gcc/arm-none-eabi/10.3.1/../../../arm-none-eabi/lib/thumb/v7e-m+fp/hard/libc_nano.a(lib_a-__atexit.o)
 .ARM.attributes
                0x0000000000000000       0x34 /usr/lib/gcc/arm-none-eabi/10.3.1/../../../arm-none-eabi/lib/thumb/v7e-m+fp/hard/libc_nano.a(lib_a-__atexit.o)
 .text          0x0000000000000000       0xc8 /usr/lib/gcc/arm-none-eabi/10.3.1/../../../arm-none-eabi/lib/thumb/v7e-m+fp/hard/libc_nano.a(lib_a-__call_atexit.o)
 .data          0x0000000000000000        0x0 /usr/lib/gcc/arm-none-eabi/10.3.1/../../../arm-none-eabi/lib/thumb/v7e-m+fp/hard/libc_nano.a(lib_a-__call_atexit.o)
 .bss           0x0000000000000000        0x4 /usr/lib/gcc/arm-none-eabi/10.3.1/../../../arm-none-eabi/lib/thumb/v7e-m+fp/hard/libc_nano.a(lib_a-__call_atexit.o)
 .debug_info    0x0000000000000000      0x249 /usr/lib/gcc/arm-none-eabi/10.3.1/../../../arm-none-eabi/lib/thumb/v7e-m+fp/hard/libc_nano.a(lib_a-__call_atexit.o)
 .debug_abbrev  0x0000000000000000      0x179 /usr/lib/gcc/arm-none-eabi/10.3.1/../../../arm-none-eabi/lib/thumb/v7e-m+fp/hard/libc_nano.a(lib_a-__call_atexit.o)
 .debug_loc     0x0000000000000000      0x19b /usr/lib/gcc/arm-none-eabi/10.3.1/../../../arm-none-eabi/lib/thumb/v7e-m+fp/hard/libc_nano.a(lib_a-__call_atexit.o)
 .debug_aranges
                0x0000000000000000       0x20 /usr/lib/gcc/arm-none-eabi/10.3.1/../../../arm-none-eabi/lib/thumb/v7e-m+fp/hard/libc_nano.a(lib_a-__call_atexit.o)
 .debug_ranges  0x0000000000000000       0x30 /usr/lib/gcc/arm-none-eabi/10.3.1/../../../arm-none-eabi/lib/thumb/v7e-m+fp/hard/libc_nano.a(lib_a-__call_atexit.o)
 .debug_line    0x0000000000000000      0x1eb /usr/lib/gcc/arm-none-eabi/10.3.1/../../../arm-none-eabi/lib/thumb/v7e-m+fp/hard/libc_nano.a(lib_a-__call_atexit.o)
 .debug_str     0x0000000000000000      0x25b /usr/lib/gcc/arm-none-eabi/10.3.1/../../../arm-none-eabi/lib/thumb/v7e-m+fp/hard/libc_nano.a(lib_a-__call_atexit.o)
 .comment       0x0000000000000000       0x34 /usr/lib/gcc/arm-none-eabi/10.3.1/../../../arm-none-eabi/lib/thumb/v7e-m+fp/hard/libc_nano.a(lib_a-__call_atexit.o)
 .debug_frame   0x0000000000000000       0x4c /usr/lib/gcc/arm-none-eabi/10.3.1/../../../arm-none-eabi/lib/thumb/v7e-m+fp/hard/libc_nano.a(lib_a-__call_atexit.o)
 .ARM.attributes
                0x0000000000000000       0x34 /usr/lib/gcc/arm-none-eabi/10.3.1/../../../arm-none-eabi/lib/thumb/v7e-m+fp/hard/libc_nano.a(lib_a-__call_atexit.o)
 .text          0x0000000000000000        0x4 /usr/lib/gcc/arm-none-eabi/10.3.1/../../../arm-none-eabi/lib/thumb/v7e-m+fp/hard/libnosys.a(_exit.o)
 .data          0x0000000000000000        0x0 /usr/lib/gcc/arm-none-eabi/10.3.1/../../../arm-none-eabi/lib/thumb/v7e-m+fp/hard/libnosys.a(_exit.o)
 .bss           0x0000000000000000        0x0 /usr/lib/gcc/arm-none-eabi/10.3.1/../../../arm-none-eabi/lib/thumb/v7e-m+fp/hard/libnosys.a(_exit.o)
 .debug_info    0x0000000000000000       0xa3 /usr/lib/gcc/arm-none-eabi/10.3.1/../../../arm-none-eabi/lib/thumb/v7e-m+fp/hard/libnosys.a(_exit.o)
 .debug_abbrev  0x0000000000000000       0x6a /usr/lib/gcc/arm-none-eabi/10.3.1/../../../arm-none-eabi/lib/thumb/v7e-m+fp/hard/libnosys.a(_exit.o)
 .debug_loc     0x0000000000000000       0x15 /usr/lib/gcc/arm-none-eabi/10.3.1/../../../arm-none-eabi/lib/thumb/v7e-m+fp/hard/libnosys.a(_exit.o)
 .debug_aranges
                0x0000000000000000       0x20 /usr/lib/gcc/arm-none-eabi/10.3.1/../../../arm-none-eabi/lib/thumb/v7e-m+fp/hard/libnosys.a(_exit.o)
 .debug_line    0x0000000000000000       0x75 /usr/lib/gcc/arm-none-eabi/10.3.1/../../../arm-none-eabi/lib/thumb/v7e-m+fp/hard/libnosys.a(_exit.o)
 .debug_str     0x0000000000000000      0x181 /usr/lib/gcc/arm-none-eabi/10.3.1/../../../arm-none-eabi/lib/thumb/v7e-m+fp/hard/libnosys.a(_exit.o)
 .comment       0x0000000000000000       0x34 /usr/lib/gcc/arm-none-eabi/10.3.1/../../../arm-none-eabi/lib/thumb/v7e-m+fp/hard/libnosys.a(_exit.o)
 .debug_frame   0x0000000000000000       0x20 /usr/lib/gcc/arm-none-eabi/10.3.1/../../../arm-none-eabi/lib/thumb/v7e-m+fp/hard/libnosys.a(_exit.o)
 .ARM.attributes
                0x0000000000000000       0x34 /usr/lib/gcc/arm-none-eabi/10.3.1/../../../arm-none-eabi/lib/thumb/v7e-m+fp/hard/libnosys.a(_exit.o)
 .text          0x0000000000000000        0x0 /usr/lib/gcc/arm-none-eabi/10.3.1/thumb/v7e-m+fp/hard/crtend.o
 .data          0x0000000000000000        0x0 /usr/lib/gcc/arm-none-eabi/10.3.1/thumb/v7e-m+fp/hard/crtend.o
 .bss           0x0000000000000000        0x0 /usr/lib/gcc/arm-none-eabi/10.3.1/thumb/v7e-m+fp/hard/crtend.o
 .rodata        0x0000000000000000       0x24 /usr/lib/gcc/arm-none-eabi/10.3.1/thumb/v7e-m+fp/hard/crtend.o
 .eh_frame      0x0000000000000000        0x4 /usr/lib/gcc/arm-none-eabi/10.3.1/thumb/v7e-m+fp/hard/crtend.o
 .text          0x0000000000000000        0x0 /usr/lib/gcc/arm-none-eabi/10.3.1/thumb/v7e-m+fp/hard/crtn.o
 .data          0x0000000000000000        0x0 /usr/lib/gcc/arm-none-eabi/10.3.1/thumb/v7e-m+fp/hard/crtn.o
 .bss           0x0000000000000000        0x0 /usr/lib/gcc/arm-none-eabi/10.3.1/thumb/v7e-m+fp/hard/crtn.o

Memory Configuration

Name             Origin             Length             Attributes
RAM              0x0000000020000000 0x0000000000020000 xrw
CCMRAM           0x0000000010000000 0x0000000000010000 xrw
FLASH            0x0000000008000000 0x0000000000100000 xr
*default*        0x0000000000000000 0xffffffffffffffff

Linker script and memory map

LOAD /usr/lib/gcc/arm-none-eabi/10.3.1/thumb/v7e-m+fp/hard/crti.o
LOAD /usr/lib/gcc/arm-none-eabi/10.3.1/thumb/v7e-m+fp/hard/crtbegin.o
LOAD /usr/lib/gcc/arm-none-eabi/10.3.1/../../../arm-none-eabi/lib/thumb/v7e-m+fp/hard/crt0.o
LOAD build/main.o
LOAD build/delay.o
LOAD build/signal_led.o
LOAD build/stm32f4xx_gpio.o
LOAD build/stm32f4xx_rcc.o
LOAD build/system_stm32f4xx.o
LOAD build/startup_stm32f4xx.o
LOAD /usr/lib/gcc/arm-none-eabi/10.3.1/../../../arm-none-eabi/lib/thumb/v7e-m+fp/hard/libc_nano.a
LOAD /usr/lib/gcc/arm-none-eabi/10.3.1/../../../arm-none-eabi/lib/thumb/v7e-m+fp/hard/libm.a
LOAD /usr/lib/gcc/arm-none-eabi/10.3.1/../../../arm-none-eabi/lib/thumb/v7e-m+fp/hard/libnosys.a
START GROUP
LOAD /usr/lib/gcc/arm-none-eabi/10.3.1/thumb/v7e-m+fp/hard/libgcc.a
LOAD /usr/lib/gcc/arm-none-eabi/10.3.1/../../../arm-none-eabi/lib/thumb/v7e-m+fp/hard/libc_nano.a
END GROUP
START GROUP
LOAD /usr/lib/gcc/arm-none-eabi/10.3.1/thumb/v7e-m+fp/hard/libgcc.a
LOAD /usr/lib/gcc/arm-none-eabi/10.3.1/../../../arm-none-eabi/lib/thumb/v7e-m+fp/hard/libc_nano.a
END GROUP
LOAD /usr/lib/gcc/arm-none-eabi/10.3.1/thumb/v7e-m+fp/hard/crtend.o
LOAD /usr/lib/gcc/arm-none-eabi/10.3.1/thumb/v7e-m+fp/hard/crtn.o
                0x0000000020020000                _estack = 0x20020000
                0x0000000000000200                _Min_Heap_Size = 0x200
                0x0000000000000400                _Min_Stack_Size = 0x400

.isr_vector     0x0000000008000000      0x188
                0x0000000008000000                . = ALIGN (0x4)
 *(.isr_vector)
 .isr_vector    0x0000000008000000      0x188 build/startup_stm32f4xx.o
                0x0000000008000000                g_pfnVectors
                0x0000000008000188                . = ALIGN (0x4)

.text           0x0000000008000188      0x568
                0x0000000008000188                . = ALIGN (0x4)
 *(.text)
 .text          0x0000000008000188       0x88 /usr/lib/gcc/arm-none-eabi/10.3.1/thumb/v7e-m+fp/hard/crtbegin.o
 .text          0x0000000008000210       0x48 /usr/lib/gcc/arm-none-eabi/10.3.1/../../../arm-none-eabi/lib/thumb/v7e-m+fp/hard/libc_nano.a(lib_a-init.o)
                0x0000000008000210                __libc_init_array
 *(.text*)
 .text.HSE_168MHz
                0x0000000008000258       0xfa build/main.o
                0x0000000008000258                HSE_168MHz
 .text.Startup_BOARD
                0x0000000008000352       0x12 build/main.o
                0x0000000008000352                Startup_BOARD
 .text.main     0x0000000008000364        0x8 build/main.o
                0x0000000008000364                main
 .text.DWT_Init
                0x000000000800036c       0x24 build/delay.o
                0x000000000800036c                DWT_Init
 .text.delay_ms
                0x0000000008000390       0x34 build/delay.o
                0x0000000008000390                delay_ms
 .text.Signal_LEDs_Init
                0x00000000080003c4       0x78 build/signal_led.o
                0x00000000080003c4                Signal_LEDs_Init
 .text.LED_Switch
                0x000000000800043c       0x2c build/signal_led.o
                0x000000000800043c                LED_Switch
 .text.GPIO_Init
                0x0000000008000468       0xa6 build/stm32f4xx_gpio.o
                0x0000000008000468                GPIO_Init
 .text.GPIO_SetBits
                0x000000000800050e        0x4 build/stm32f4xx_gpio.o
                0x000000000800050e                GPIO_SetBits
 .text.GPIO_WriteBit
                0x0000000008000512        0xa build/stm32f4xx_gpio.o
                0x0000000008000512                GPIO_WriteBit
 .text.RCC_DeInit
                0x000000000800051c       0x34 build/stm32f4xx_rcc.o
                0x000000000800051c                RCC_DeInit
 .text.RCC_HSEConfig
                0x0000000008000550       0x10 build/stm32f4xx_rcc.o
                0x0000000008000550                RCC_HSEConfig
 .text.RCC_HSICmd
                0x0000000008000560        0xc build/stm32f4xx_rcc.o
                0x0000000008000560                RCC_HSICmd
 .text.RCC_PLLConfig
                0x000000000800056c       0x20 build/stm32f4xx_rcc.o
                0x000000000800056c                RCC_PLLConfig
 .text.RCC_PLLCmd
                0x000000000800058c        0xc build/stm32f4xx_rcc.o
                0x000000000800058c                RCC_PLLCmd
 .text.RCC_SYSCLKConfig
                0x0000000008000598       0x14 build/stm32f4xx_rcc.o
                0x0000000008000598                RCC_SYSCLKConfig
 .text.RCC_GetSYSCLKSource
                0x00000000080005ac       0x10 build/stm32f4xx_rcc.o
                0x00000000080005ac                RCC_GetSYSCLKSource
 .text.RCC_HCLKConfig
                0x00000000080005bc       0x14 build/stm32f4xx_rcc.o
                0x00000000080005bc                RCC_HCLKConfig
 .text.RCC_PCLK1Config
                0x00000000080005d0       0x14 build/stm32f4xx_rcc.o
                0x00000000080005d0                RCC_PCLK1Config
 .text.RCC_PCLK2Config
                0x00000000080005e4       0x14 build/stm32f4xx_rcc.o
                0x00000000080005e4                RCC_PCLK2Config
 .text.RCC_AHB1PeriphClockCmd
                0x00000000080005f8       0x1c build/stm32f4xx_rcc.o
                0x00000000080005f8                RCC_AHB1PeriphClockCmd
 .text.RCC_GetFlagStatus
                0x0000000008000614       0x34 build/stm32f4xx_rcc.o
                0x0000000008000614                RCC_GetFlagStatus
 .text.RCC_WaitForHSEStartUp
                0x0000000008000648       0x2e build/stm32f4xx_rcc.o
                0x0000000008000648                RCC_WaitForHSEStartUp
 *fill*         0x0000000008000676        0x2 
 .text.SystemInit
                0x0000000008000678       0x14 build/system_stm32f4xx.o
                0x0000000008000678                SystemInit
 .text.Reset_Handler
                0x000000000800068c       0x48 build/startup_stm32f4xx.o
                0x000000000800068c                Reset_Handler
 .text.Default_Handler
                0x00000000080006d4        0x2 build/startup_stm32f4xx.o
                0x00000000080006d4                RTC_Alarm_IRQHandler
                0x00000000080006d4                HASH_RNG_IRQHandler
                0x00000000080006d4                EXTI2_IRQHandler
                0x00000000080006d4                TIM8_CC_IRQHandler
                0x00000000080006d4                DebugMon_Handler
                0x00000000080006d4                TIM1_CC_IRQHandler
                0x00000000080006d4                DMA2_Stream5_IRQHandler
                0x00000000080006d4                HardFault_Handler
                0x00000000080006d4                DMA1_Stream5_IRQHandler
                0x00000000080006d4                SysTick_Handler
                0x00000000080006d4                PVD_IRQHandler
                0x00000000080006d4                SDIO_IRQHandler
                0x00000000080006d4                TAMP_STAMP_IRQHandler
                0x00000000080006d4                PendSV_Handler
                0x00000000080006d4                NMI_Handler
                0x00000000080006d4                CAN2_RX1_IRQHandler
                0x00000000080006d4                EXTI3_IRQHandler
                0x00000000080006d4                TIM8_TRG_COM_TIM14_IRQHandler
                0x00000000080006d4                TIM1_UP_TIM10_IRQHandler
                0x00000000080006d4                TIM8_UP_TIM13_IRQHandler
                0x00000000080006d4                I2C3_ER_IRQHandler
                0x00000000080006d4                EXTI0_IRQHandler
                0x00000000080006d4                I2C2_EV_IRQHandler
                0x00000000080006d4                DMA1_Stream2_IRQHandler
                0x00000000080006d4                CAN1_RX0_IRQHandler
                0x00000000080006d4                FPU_IRQHandler
                0x00000000080006d4                OTG_HS_WKUP_IRQHandler
                0x00000000080006d4                UsageFault_Handler
                0x00000000080006d4                CAN2_SCE_IRQHandler
                0x00000000080006d4                DMA2_Stream2_IRQHandler
                0x00000000080006d4                SPI1_IRQHandler
                0x00000000080006d4                TIM6_DAC_IRQHandler
                0x00000000080006d4                TIM1_BRK_TIM9_IRQHandler
                0x00000000080006d4                DCMI_IRQHandler
                0x00000000080006d4                CAN2_RX0_IRQHandler
                0x00000000080006d4                DMA2_Stream3_IRQHandler
                0x00000000080006d4                USART6_IRQHandler
                0x00000000080006d4                USART3_IRQHandler
                0x00000000080006d4                CRYP_IRQHandler
                0x00000000080006d4                CAN1_RX1_IRQHandler
                0x00000000080006d4                UART5_IRQHandler
                0x00000000080006d4                DMA2_Stream0_IRQHandler
                0x00000000080006d4                TIM4_IRQHandler
                0x00000000080006d4                I2C1_EV_IRQHandler
                0x00000000080006d4                DMA1_Stream6_IRQHandler
                0x00000000080006d4                DMA1_Stream1_IRQHandler
                0x00000000080006d4                UART4_IRQHandler
                0x00000000080006d4                TIM3_IRQHandler
                0x00000000080006d4                RCC_IRQHandler
                0x00000000080006d4                TIM8_BRK_TIM12_IRQHandler
                0x00000000080006d4                Default_Handler
                0x00000000080006d4                EXTI15_10_IRQHandler
                0x00000000080006d4                ADC_IRQHandler
                0x00000000080006d4                DMA1_Stream7_IRQHandler
                0x00000000080006d4                TIM7_IRQHandler
                0x00000000080006d4                CAN2_TX_IRQHandler
                0x00000000080006d4                TIM5_IRQHandler
                0x00000000080006d4                DMA2_Stream7_IRQHandler
                0x00000000080006d4                I2C3_EV_IRQHandler
                0x00000000080006d4                EXTI9_5_IRQHandler
                0x00000000080006d4                RTC_WKUP_IRQHandler
                0x00000000080006d4                ETH_WKUP_IRQHandler
                0x00000000080006d4                SPI2_IRQHandler
                0x00000000080006d4                OTG_HS_EP1_IN_IRQHandler
                0x00000000080006d4                MemManage_Handler
                0x00000000080006d4                DMA1_Stream0_IRQHandler
                0x00000000080006d4                CAN1_TX_IRQHandler
                0x00000000080006d4                SVC_Handler
                0x00000000080006d4                EXTI4_IRQHandler
                0x00000000080006d4                FSMC_IRQHandler
                0x00000000080006d4                ETH_IRQHandler
                0x00000000080006d4                OTG_HS_EP1_OUT_IRQHandler
                0x00000000080006d4                WWDG_IRQHandler
                0x00000000080006d4                TIM2_IRQHandler
                0x00000000080006d4                OTG_FS_WKUP_IRQHandler
                0x00000000080006d4                TIM1_TRG_COM_TIM11_IRQHandler
                0x00000000080006d4                OTG_HS_IRQHandler
                0x00000000080006d4                EXTI1_IRQHandler
                0x00000000080006d4                USART2_IRQHandler
                0x00000000080006d4                I2C2_ER_IRQHandler
                0x00000000080006d4                DMA2_Stream1_IRQHandler
                0x00000000080006d4                CAN1_SCE_IRQHandler
                0x00000000080006d4                FLASH_IRQHandler
                0x00000000080006d4                DMA2_Stream4_IRQHandler
                0x00000000080006d4                BusFault_Handler
                0x00000000080006d4                USART1_IRQHandler
                0x00000000080006d4                OTG_FS_IRQHandler
                0x00000000080006d4                SPI3_IRQHandler
                0x00000000080006d4                DMA1_Stream4_IRQHandler
                0x00000000080006d4                I2C1_ER_IRQHandler
                0x00000000080006d4                DMA2_Stream6_IRQHandler
                0x00000000080006d4                DMA1_Stream3_IRQHandler
 *(.glue_7)
 .glue_7        0x00000000080006d6        0x0 linker stubs
 *(.glue_7t)
 .glue_7t       0x00000000080006d6        0x0 linker stubs
 *(.eh_frame)
 *fill*         0x00000000080006d6        0x2 
 .eh_frame      0x00000000080006d8        0x0 /usr/lib/gcc/arm-none-eabi/10.3.1/thumb/v7e-m+fp/hard/crtbegin.o
 *(.init)
 .init          0x00000000080006d8        0x4 /usr/lib/gcc/arm-none-eabi/10.3.1/thumb/v7e-m+fp/hard/crti.o
                0x00000000080006d8                _init
 .init          0x00000000080006dc        0x8 /usr/lib/gcc/arm-none-eabi/10.3.1/thumb/v7e-m+fp/hard/crtn.o
 *(.fini)
 .fini          0x00000000080006e4        0x4 /usr/lib/gcc/arm-none-eabi/10.3.1/thumb/v7e-m+fp/hard/crti.o
                0x00000000080006e4                _fini
 .fini          0x00000000080006e8        0x8 /usr/lib/gcc/arm-none-eabi/10.3.1/thumb/v7e-m+fp/hard/crtn.o
                0x00000000080006f0                . = ALIGN (0x4)
                0x00000000080006f0                _etext = .

.vfp11_veneer   0x00000000080006f0        0x0
 .vfp11_veneer  0x00000000080006f0        0x0 linker stubs

.v4_bx          0x00000000080006f0        0x0
 .v4_bx         0x00000000080006f0        0x0 linker stubs

.iplt           0x00000000080006f0        0x0
 .iplt          0x00000000080006f0        0x0 /usr/lib/gcc/arm-none-eabi/10.3.1/thumb/v7e-m+fp/hard/crtbegin.o

.rel.dyn        0x00000000080006f0        0x0
 .rel.iplt      0x00000000080006f0        0x0 /usr/lib/gcc/arm-none-eabi/10.3.1/thumb/v7e-m+fp/hard/crtbegin.o

.rodata         0x00000000080006f0        0x0
                0x00000000080006f0                . = ALIGN (0x4)
 *(.rodata)
 *(.rodata*)
                0x00000000080006f0                . = ALIGN (0x4)

.ARM.extab
 *(.ARM.extab* .gnu.linkonce.armextab.*)

.ARM            0x00000000080006f0        0x0
                0x00000000080006f0                __exidx_start = .
 *(.ARM.exidx*)
                0x00000000080006f0                __exidx_end = .

.preinit_array  0x00000000080006f0        0x0
                0x00000000080006f0                PROVIDE (__preinit_array_start = .)
 *(.preinit_array*)
                0x00000000080006f0                PROVIDE (__preinit_array_end = .)

.init_array     0x00000000080006f0        0x4
                0x00000000080006f0                PROVIDE (__init_array_start = .)
 *(SORT_BY_NAME(.init_array.*))
 *(.init_array*)
 .init_array    0x00000000080006f0        0x4 /usr/lib/gcc/arm-none-eabi/10.3.1/thumb/v7e-m+fp/hard/crtbegin.o
                0x00000000080006f4                PROVIDE (__init_array_end = .)

.fini_array     0x00000000080006f4        0x4
                0x00000000080006f4                PROVIDE (__fini_array_start = .)
 *(SORT_BY_NAME(.fini_array.*))
 *(.fini_array*)
 .fini_array    0x00000000080006f4        0x4 /usr/lib/gcc/arm-none-eabi/10.3.1/thumb/v7e-m+fp/hard/crtbegin.o
                0x00000000080006f8                PROVIDE (__fini_array_end = .)
                0x00000000080006f8                _sidata = LOADADDR (.data)

.data           0x0000000020000000        0x4 load address 0x00000000080006f8
                0x0000000020000000                . = ALIGN (0x4)
                0x0000000020000000                _sdata = .
 *(.data)
 *(.data*)
 .data.SystemCoreClock
                0x0000000020000000        0x4 build/system_stm32f4xx.o
                0x0000000020000000                SystemCoreClock
                0x0000000020000004                . = ALIGN (0x4)
                0x0000000020000004                _edata = .
                0x00000000080006fc                _siccmram = LOADADDR (.ccmram)

.tm_clone_table
                0x0000000020000004        0x0 load address 0x00000000080006fc
 .tm_clone_table
                0x0000000020000004        0x0 /usr/lib/gcc/arm-none-eabi/10.3.1/thumb/v7e-m+fp/hard/crtbegin.o
 .tm_clone_table
                0x0000000020000004        0x0 /usr/lib/gcc/arm-none-eabi/10.3.1/thumb/v7e-m+fp/hard/crtend.o

.igot.plt       0x0000000020000004        0x0 load address 0x00000000080006fc
 .igot.plt      0x0000000020000004        0x0 /usr/lib/gcc/arm-none-eabi/10.3.1/thumb/v7e-m+fp/hard/crtbegin.o

.ccmram         0x0000000010000000        0x0 load address 0x00000000080006fc
                0x0000000010000000                . = ALIGN (0x4)
                0x0000000010000000                _sccmram = .
 *(.ccmram)
 *(.ccmram*)
                0x0000000010000000                . = ALIGN (0x4)
                0x0000000010000000                _eccmram = .
                0x0000000010000000                . = ALIGN (0x4)

.bss            0x0000000020000004       0x1c
                0x0000000020000004                _sbss = .
                0x0000000020000004                __bss_start__ = _sbss
 *(.bss)
 .bss           0x0000000020000004       0x1c /usr/lib/gcc/arm-none-eabi/10.3.1/thumb/v7e-m+fp/hard/crtbegin.o
 *(.bss*)
 *(COMMON)
                0x0000000020000020                . = ALIGN (0x4)
                0x0000000020000020                _ebss = .
                0x0000000020000020                __bss_end__ = _ebss

._user_heap_stack
                0x0000000020000020      0x600
                0x0000000020000020                . = ALIGN (0x8)
                [!provide]                        PROVIDE (end = .)
                [!provide]                        PROVIDE (_end = .)
                0x0000000020000220                . = (. + _Min_Heap_Size)
 *fill*         0x0000000020000020      0x200 
                0x0000000020000620                . = (. + _Min_Stack_Size)
 *fill*         0x0000000020000220      0x400 
                0x0000000020000620                . = ALIGN (0x8)

/DISCARD/
 libc.a(*)
 libm.a(*)
 libgcc.a(*)

.ARM.attributes
                0x0000000000000000       0x30
 *(.ARM.attributes)
 .ARM.attributes
                0x0000000000000000       0x1e /usr/lib/gcc/arm-none-eabi/10.3.1/thumb/v7e-m+fp/hard/crti.o
 .ARM.attributes
                0x000000000000001e       0x34 /usr/lib/gcc/arm-none-eabi/10.3.1/thumb/v7e-m+fp/hard/crtbegin.o
 .ARM.attributes
                0x0000000000000052       0x34 build/main.o
 .ARM.attributes
                0x0000000000000086       0x34 build/delay.o
 .ARM.attributes
                0x00000000000000ba       0x34 build/signal_led.o
 .ARM.attributes
                0x00000000000000ee       0x34 build/stm32f4xx_gpio.o
 .ARM.attributes
                0x0000000000000122       0x34 build/stm32f4xx_rcc.o
 .ARM.attributes
                0x0000000000000156       0x34 build/system_stm32f4xx.o
 .ARM.attributes
                0x000000000000018a       0x21 build/startup_stm32f4xx.o
 .ARM.attributes
                0x00000000000001ab       0x34 /usr/lib/gcc/arm-none-eabi/10.3.1/../../../arm-none-eabi/lib/thumb/v7e-m+fp/hard/libc_nano.a(lib_a-init.o)
 .ARM.attributes
                0x00000000000001df       0x32 /usr/lib/gcc/arm-none-eabi/10.3.1/thumb/v7e-m+fp/hard/crtend.o
 .ARM.attributes
                0x0000000000000211       0x1e /usr/lib/gcc/arm-none-eabi/10.3.1/thumb/v7e-m+fp/hard/crtn.o
OUTPUT(build/LogicAnalyzer.elf elf32-littlearm)
LOAD linker stubs
LOAD /usr/lib/gcc/arm-none-eabi/10.3.1/../../../arm-none-eabi/lib/thumb/v7e-m+fp/hard/libc.a
LOAD /usr/lib/gcc/arm-none-eabi/10.3.1/../../../arm-none-eabi/lib/thumb/v7e-m+fp/hard/libm.a
LOAD /usr/lib/gcc/arm-none-eabi/10.3.1/thumb/v7e-m+fp/hard/libgcc.a

.comment        0x0000000000000000       0x33
 .comment       0x0000000000000000       0x33 /usr/lib/gcc/arm-none-eabi/10.3.1/thumb/v7e-m+fp/hard/crtbegin.o
                                         0x34 (size before relaxing)
 .comment       0x0000000000000033       0x34 build/main.o
 .comment       0x0000000000000033       0x34 build/delay.o
 .comment       0x0000000000000033       0x34 build/signal_led.o
 .comment       0x0000000000000033       0x34 build/stm32f4xx_gpio.o
 .comment       0x0000000000000033       0x34 build/stm32f4xx_rcc.o
 .comment       0x0000000000000033       0x34 build/system_stm32f4xx.o
 .comment       0x0000000000000033       0x34 /usr/lib/gcc/arm-none-eabi/10.3.1/../../../arm-none-eabi/lib/thumb/v7e-m+fp/hard/libc_nano.a(lib_a-init.o)
 .comment       0x0000000000000033       0x34 /usr/lib/gcc/arm-none-eabi/10.3.1/thumb/v7e-m+fp/hard/crtend.o

.debug_info     0x0000000000000000     0x2adc
 .debug_info    0x0000000000000000      0x4dc build/main.o
 .debug_info    0x00000000000004dc      0x375 build/delay.o
 .debug_info    0x0000000000000851      0x41f build/signal_led.o
 .debug_info    0x0000000000000c70      0x885 build/stm32f4xx_gpio.o
 .debug_info    0x00000000000014f5      0xee5 build/stm32f4xx_rcc.o
 .debug_info    0x00000000000023da      0x5c6 build/system_stm32f4xx.o
 .debug_info    0x00000000000029a0       0x22 build/startup_stm32f4xx.o
 .debug_info    0x00000000000029c2      0x11a /usr/lib/gcc/arm-none-eabi/10.3.1/../../../arm-none-eabi/lib/thumb/v7e-m+fp/hard/libc_nano.a(lib_a-init.o)

.debug_abbrev   0x0000000000000000      0xa9b
 .debug_abbrev  0x0000000000000000      0x128 build/main.o
 .debug_abbrev  0x0000000000000128      0x155 build/delay.o
 .debug_abbrev  0x000000000000027d      0x15c build/signal_led.o
 .debug_abbrev  0x00000000000003d9      0x249 build/stm32f4xx_gpio.o
 .debug_abbrev  0x0000000000000622      0x26d build/stm32f4xx_rcc.o
 .debug_abbrev  0x000000000000088f      0x12e build/system_stm32f4xx.o
 .debug_abbrev  0x00000000000009bd       0x12 build/startup_stm32f4xx.o
 .debug_abbrev  0x00000000000009cf       0xcc /usr/lib/gcc/arm-none-eabi/10.3.1/../../../arm-none-eabi/lib/thumb/v7e-m+fp/hard/libc_nano.a(lib_a-init.o)

.debug_loc      0x0000000000000000     0x14e4
 .debug_loc     0x0000000000000000      0x15b build/main.o
 .debug_loc     0x000000000000015b       0xf2 build/delay.o
 .debug_loc     0x000000000000024d      0x116 build/signal_led.o
 .debug_loc     0x0000000000000363      0x492 build/stm32f4xx_gpio.o
 .debug_loc     0x00000000000007f5      0xadd build/stm32f4xx_rcc.o
 .debug_loc     0x00000000000012d2      0x158 build/system_stm32f4xx.o
 .debug_loc     0x000000000000142a       0xba /usr/lib/gcc/arm-none-eabi/10.3.1/../../../arm-none-eabi/lib/thumb/v7e-m+fp/hard/libc_nano.a(lib_a-init.o)

.debug_aranges  0x0000000000000000      0x2f8
 .debug_aranges
                0x0000000000000000       0x30 build/main.o
 .debug_aranges
                0x0000000000000030       0x30 build/delay.o
 .debug_aranges
                0x0000000000000060       0x28 build/signal_led.o
 .debug_aranges
                0x0000000000000088       0x88 build/stm32f4xx_gpio.o
 .debug_aranges
                0x0000000000000110      0x178 build/stm32f4xx_rcc.o
 .debug_aranges
                0x0000000000000288       0x28 build/system_stm32f4xx.o
 .debug_aranges
                0x00000000000002b0       0x28 build/startup_stm32f4xx.o
 .debug_aranges
                0x00000000000002d8       0x20 /usr/lib/gcc/arm-none-eabi/10.3.1/../../../arm-none-eabi/lib/thumb/v7e-m+fp/hard/libc_nano.a(lib_a-init.o)

.debug_ranges   0x0000000000000000      0x270
 .debug_ranges  0x0000000000000000       0x20 build/main.o
 .debug_ranges  0x0000000000000020       0x20 build/delay.o
 .debug_ranges  0x0000000000000040       0x18 build/signal_led.o
 .debug_ranges  0x0000000000000058       0x78 build/stm32f4xx_gpio.o
 .debug_ranges  0x00000000000000d0      0x168 build/stm32f4xx_rcc.o
 .debug_ranges  0x0000000000000238       0x18 build/system_stm32f4xx.o
 .debug_ranges  0x0000000000000250       0x20 build/startup_stm32f4xx.o

.debug_line     0x0000000000000000     0x1733
 .debug_line    0x0000000000000000      0x208 build/main.o
 .debug_line    0x0000000000000208      0x1c3 build/delay.o
 .debug_line    0x00000000000003cb      0x175 build/signal_led.o
 .debug_line    0x0000000000000540      0x484 build/stm32f4xx_gpio.o
 .debug_line    0x00000000000009c4      0xa02 build/stm32f4xx_rcc.o
 .debug_line    0x00000000000013c6      0x1c5 build/system_stm32f4xx.o
 .debug_line    0x000000000000158b       0x70 build/startup_stm32f4xx.o
 .debug_line    0x00000000000015fb      0x138 /usr/lib/gcc/arm-none-eabi/10.3.1/../../../arm-none-eabi/lib/thumb/v7e-m+fp/hard/libc_nano.a(lib_a-init.o)

.debug_str      0x0000000000000000      0xea6
 .debug_str     0x0000000000000000      0x2c4 build/main.o
                                        0x31d (size before relaxing)
 .debug_str     0x00000000000002c4       0xf3 build/delay.o
                                        0x275 (size before relaxing)
 .debug_str     0x00000000000003b7      0x1e2 build/signal_led.o
                                        0x3a8 (size before relaxing)
 .debug_str     0x0000000000000599      0x16e build/stm32f4xx_gpio.o
                                        0x4a8 (size before relaxing)
 .debug_str     0x0000000000000707      0x570 build/stm32f4xx_rcc.o
                                        0x85a (size before relaxing)
 .debug_str     0x0000000000000c77       0x9f build/system_stm32f4xx.o
                                        0x371 (size before relaxing)
 .debug_str     0x0000000000000d16       0x20 build/startup_stm32f4xx.o
                                         0x5e (size before relaxing)
 .debug_str     0x0000000000000d36      0x170 /usr/lib/gcc/arm-none-eabi/10.3.1/../../../arm-none-eabi/lib/thumb/v7e-m+fp/hard/libc_nano.a(lib_a-init.o)
                                        0x20b (size before relaxing)

.debug_frame    0x0000000000000000      0x558
 .debug_frame   0x0000000000000000       0x6c build/main.o
 .debug_frame   0x000000000000006c       0x40 build/delay.o
 .debug_frame   0x00000000000000ac       0x50 build/signal_led.o
 .debug_frame   0x00000000000000fc      0x118 build/stm32f4xx_gpio.o
 .debug_frame   0x0000000000000214      0x2e8 build/stm32f4xx_rcc.o
 .debug_frame   0x00000000000004fc       0x30 build/system_stm32f4xx.o
 .debug_frame   0x000000000000052c       0x2c /usr/lib/gcc/arm-none-eabi/10.3.1/../../../arm-none-eabi/lib/thumb/v7e-m+fp/hard/libc_nano.a(lib_a-init.o)

Cross Reference Table

Symbol                                            File
ADC_IRQHandler                                    build/startup_stm32f4xx.o
AHBPrescTable                                     build/system_stm32f4xx.o
APBPrescTable                                     build/system_stm32f4xx.o
BusFault_Handler                                  build/startup_stm32f4xx.o
CAN1_RX0_IRQHandler                               build/startup_stm32f4xx.o
CAN1_RX1_IRQHandler                               build/startup_stm32f4xx.o
CAN1_SCE_IRQHandler                               build/startup_stm32f4xx.o
CAN1_TX_IRQHandler                                build/startup_stm32f4xx.o
CAN2_RX0_IRQHandler                               build/startup_stm32f4xx.o
CAN2_RX1_IRQHandler                               build/startup_stm32f4xx.o
CAN2_SCE_IRQHandler                               build/startup_stm32f4xx.o
CAN2_TX_IRQHandler                                build/startup_stm32f4xx.o
CRYP_IRQHandler                                   build/startup_stm32f4xx.o
DCMI_IRQHandler                                   build/startup_stm32f4xx.o
DMA1_Stream0_IRQHandler                           build/startup_stm32f4xx.o
DMA1_Stream1_IRQHandler                           build/startup_stm32f4xx.o
DMA1_Stream2_IRQHandler                           build/startup_stm32f4xx.o
DMA1_Stream3_IRQHandler                           build/startup_stm32f4xx.o
DMA1_Stream4_IRQHandler                           build/startup_stm32f4xx.o
DMA1_Stream5_IRQHandler                           build/startup_stm32f4xx.o
DMA1_Stream6_IRQHandler                           build/startup_stm32f4xx.o
DMA1_Stream7_IRQHandler                           build/startup_stm32f4xx.o
DMA2_Stream0_IRQHandler                           build/startup_stm32f4xx.o
DMA2_Stream1_IRQHandler                           build/startup_stm32f4xx.o
DMA2_Stream2_IRQHandler                           build/startup_stm32f4xx.o
DMA2_Stream3_IRQHandler                           build/startup_stm32f4xx.o
DMA2_Stream4_IRQHandler                           build/startup_stm32f4xx.o
DMA2_Stream5_IRQHandler                           build/startup_stm32f4xx.o
DMA2_Stream6_IRQHandler                           build/startup_stm32f4xx.o
DMA2_Stream7_IRQHandler                           build/startup_stm32f4xx.o
DWT_Init                                          build/delay.o
                                                  build/main.o
DebugMon_Handler                                  build/startup_stm32f4xx.o
Default_Handler                                   build/startup_stm32f4xx.o
ETH_IRQHandler                                    build/startup_stm32f4xx.o
ETH_WKUP_IRQHandler                               build/startup_stm32f4xx.o
EXTI0_IRQHandler                                  build/startup_stm32f4xx.o
EXTI15_10_IRQHandler                              build/startup_stm32f4xx.o
EXTI1_IRQHandler                                  build/startup_stm32f4xx.o
EXTI2_IRQHandler                                  build/startup_stm32f4xx.o
EXTI3_IRQHandler                                  build/startup_stm32f4xx.o
EXTI4_IRQHandler                                  build/startup_stm32f4xx.o
EXTI9_5_IRQHandler                                build/startup_stm32f4xx.o
FLASH_IRQHandler                                  build/startup_stm32f4xx.o
FPU_IRQHandler                                    build/startup_stm32f4xx.o
FSMC_IRQHandler                                   build/startup_stm32f4xx.o
GPIO_DeInit                                       build/stm32f4xx_gpio.o
GPIO_Init                                         build/stm32f4xx_gpio.o
                                                  build/signal_led.o
GPIO_PinAFConfig                                  build/stm32f4xx_gpio.o
GPIO_PinLockConfig                                build/stm32f4xx_gpio.o
GPIO_ReadInputData                                build/stm32f4xx_gpio.o
GPIO_ReadInputDataBit                             build/stm32f4xx_gpio.o
GPIO_ReadOutputData                               build/stm32f4xx_gpio.o
GPIO_ReadOutputDataBit                            build/stm32f4xx_gpio.o
GPIO_ResetBits                                    build/stm32f4xx_gpio.o
GPIO_SetBits                                      build/stm32f4xx_gpio.o
                                                  build/signal_led.o
GPIO_StructInit                                   build/stm32f4xx_gpio.o
GPIO_ToggleBits                                   build/stm32f4xx_gpio.o
GPIO_Write                                        build/stm32f4xx_gpio.o
GPIO_WriteBit                                     build/stm32f4xx_gpio.o
                                                  build/signal_led.o
HASH_RNG_IRQHandler                               build/startup_stm32f4xx.o
HSE_168MHz                                        build/main.o
HardFault_Handler                                 build/startup_stm32f4xx.o
I2C1_ER_IRQHandler                                build/startup_stm32f4xx.o
I2C1_EV_IRQHandler                                build/startup_stm32f4xx.o
I2C2_ER_IRQHandler                                build/startup_stm32f4xx.o
I2C2_EV_IRQHandler                                build/startup_stm32f4xx.o
I2C3_ER_IRQHandler                                build/startup_stm32f4xx.o
I2C3_EV_IRQHandler                                build/startup_stm32f4xx.o
LED_Switch                                        build/signal_led.o
                                                  build/main.o
MemManage_Handler                                 build/startup_stm32f4xx.o
NMI_Handler                                       build/startup_stm32f4xx.o
OTG_FS_IRQHandler                                 build/startup_stm32f4xx.o
OTG_FS_WKUP_IRQHandler                            build/startup_stm32f4xx.o
OTG_HS_EP1_IN_IRQHandler                          build/startup_stm32f4xx.o
OTG_HS_EP1_OUT_IRQHandler                         build/startup_stm32f4xx.o
OTG_HS_IRQHandler                                 build/startup_stm32f4xx.o
OTG_HS_WKUP_IRQHandler                            build/startup_stm32f4xx.o
PVD_IRQHandler                                    build/startup_stm32f4xx.o
PendSV_Handler                                    build/startup_stm32f4xx.o
RCC_AHB1PeriphClockCmd                            build/stm32f4xx_rcc.o
                                                  build/signal_led.o
RCC_AHB1PeriphClockLPModeCmd                      build/stm32f4xx_rcc.o
RCC_AHB1PeriphResetCmd                            build/stm32f4xx_rcc.o
                                                  build/stm32f4xx_gpio.o
RCC_AHB2PeriphClockCmd                            build/stm32f4xx_rcc.o
RCC_AHB2PeriphClockLPModeCmd                      build/stm32f4xx_rcc.o
RCC_AHB2PeriphResetCmd                            build/stm32f4xx_rcc.o
RCC_AHB3PeriphClockCmd                            build/stm32f4xx_rcc.o
RCC_AHB3PeriphClockLPModeCmd                      build/stm32f4xx_rcc.o
RCC_AHB3PeriphResetCmd                            build/stm32f4xx_rcc.o
RCC_APB1PeriphClockCmd                            build/stm32f4xx_rcc.o
RCC_APB1PeriphClockLPModeCmd                      build/stm32f4xx_rcc.o
RCC_APB1PeriphResetCmd                            build/stm32f4xx_rcc.o
RCC_APB2PeriphClockCmd                            build/stm32f4xx_rcc.o
RCC_APB2PeriphClockLPModeCmd                      build/stm32f4xx_rcc.o
RCC_APB2PeriphResetCmd                            build/stm32f4xx_rcc.o
RCC_AdjustHSICalibrationValue                     build/stm32f4xx_rcc.o
RCC_BackupResetCmd                                build/stm32f4xx_rcc.o
RCC_ClearFlag                                     build/stm32f4xx_rcc.o
RCC_ClearITPendingBit                             build/stm32f4xx_rcc.o
RCC_ClockSecuritySystemCmd                        build/stm32f4xx_rcc.o
RCC_DeInit                                        build/stm32f4xx_rcc.o
                                                  build/main.o
RCC_GetClocksFreq                                 build/stm32f4xx_rcc.o
RCC_GetFlagStatus                                 build/stm32f4xx_rcc.o
                                                  build/main.o
RCC_GetITStatus                                   build/stm32f4xx_rcc.o
RCC_GetSYSCLKSource                               build/stm32f4xx_rcc.o
                                                  build/main.o
RCC_HCLKConfig                                    build/stm32f4xx_rcc.o
                                                  build/main.o
RCC_HSEConfig                                     build/stm32f4xx_rcc.o
                                                  build/main.o
RCC_HSICmd                                        build/stm32f4xx_rcc.o
                                                  build/main.o
RCC_I2SCLKConfig                                  build/stm32f4xx_rcc.o
RCC_IRQHandler                                    build/startup_stm32f4xx.o
RCC_ITConfig                                      build/stm32f4xx_rcc.o
RCC_LSEConfig                                     build/stm32f4xx_rcc.o
RCC_LSICmd                                        build/stm32f4xx_rcc.o
RCC_MCO1Config                                    build/stm32f4xx_rcc.o
RCC_MCO2Config                                    build/stm32f4xx_rcc.o
RCC_PCLK1Config                                   build/stm32f4xx_rcc.o
                                                  build/main.o
RCC_PCLK2Config                                   build/stm32f4xx_rcc.o
                                                  build/main.o
RCC_PLLCmd                                        build/stm32f4xx_rcc.o
                                                  build/main.o
RCC_PLLConfig                                     build/stm32f4xx_rcc.o
                                                  build/main.o
RCC_PLLI2SCmd                                     build/stm32f4xx_rcc.o
RCC_PLLI2SConfig                                  build/stm32f4xx_rcc.o
RCC_RTCCLKCmd                                     build/stm32f4xx_rcc.o
RCC_RTCCLKConfig                                  build/stm32f4xx_rcc.o
RCC_SYSCLKConfig                                  build/stm32f4xx_rcc.o
                                                  build/main.o
RCC_WaitForHSEStartUp                             build/stm32f4xx_rcc.o
                                                  build/main.o
RTC_Alarm_IRQHandler                              build/startup_stm32f4xx.o
RTC_WKUP_IRQHandler                               build/startup_stm32f4xx.o
Reset_Handler                                     build/startup_stm32f4xx.o
SDIO_IRQHandler                                   build/startup_stm32f4xx.o
SPI1_IRQHandler                                   build/startup_stm32f4xx.o
SPI2_IRQHandler                                   build/startup_stm32f4xx.o
SPI3_IRQHandler                                   build/startup_stm32f4xx.o
SVC_Handler                                       build/startup_stm32f4xx.o
Signal_LEDs_Init                                  build/signal_led.o
                                                  build/main.o
Startup_BOARD                                     build/main.o
SysTick_Handler                                   build/startup_stm32f4xx.o
SystemCoreClock                                   build/system_stm32f4xx.o
                                                  build/delay.o
SystemCoreClockUpdate                             build/system_stm32f4xx.o
SystemInit                                        build/system_stm32f4xx.o
                                                  build/startup_stm32f4xx.o
TAMP_STAMP_IRQHandler                             build/startup_stm32f4xx.o
TIM1_BRK_TIM9_IRQHandler                          build/startup_stm32f4xx.o
TIM1_CC_IRQHandler                                build/startup_stm32f4xx.o
TIM1_TRG_COM_TIM11_IRQHandler                     build/startup_stm32f4xx.o
TIM1_UP_TIM10_IRQHandler                          build/startup_stm32f4xx.o
TIM2_IRQHandler                                   build/startup_stm32f4xx.o
TIM3_IRQHandler                                   build/startup_stm32f4xx.o
TIM4_IRQHandler                                   build/startup_stm32f4xx.o
TIM5_IRQHandler                                   build/startup_stm32f4xx.o
TIM6_DAC_IRQHandler                               build/startup_stm32f4xx.o
TIM7_IRQHandler                                   build/startup_stm32f4xx.o
TIM8_BRK_TIM12_IRQHandler                         build/startup_stm32f4xx.o
TIM8_CC_IRQHandler                                build/startup_stm32f4xx.o
TIM8_TRG_COM_TIM14_IRQHandler                     build/startup_stm32f4xx.o
TIM8_UP_TIM13_IRQHandler                          build/startup_stm32f4xx.o
UART4_IRQHandler                                  build/startup_stm32f4xx.o
UART5_IRQHandler                                  build/startup_stm32f4xx.o
USART1_IRQHandler                                 build/startup_stm32f4xx.o
USART2_IRQHandler                                 build/startup_stm32f4xx.o
USART3_IRQHandler                                 build/startup_stm32f4xx.o
USART6_IRQHandler                                 build/startup_stm32f4xx.o
UsageFault_Handler                                build/startup_stm32f4xx.o
WWDG_IRQHandler                                   build/startup_stm32f4xx.o
_ITM_deregisterTMCloneTable                       /usr/lib/gcc/arm-none-eabi/10.3.1/thumb/v7e-m+fp/hard/crtbegin.o
_ITM_registerTMCloneTable                         /usr/lib/gcc/arm-none-eabi/10.3.1/thumb/v7e-m+fp/hard/crtbegin.o
__TMC_END__                                       /usr/lib/gcc/arm-none-eabi/10.3.1/thumb/v7e-m+fp/hard/crtend.o
                                                  /usr/lib/gcc/arm-none-eabi/10.3.1/thumb/v7e-m+fp/hard/crtbegin.o
__atexit_dummy                                    /usr/lib/gcc/arm-none-eabi/10.3.1/../../../arm-none-eabi/lib/thumb/v7e-m+fp/hard/libc_nano.a(lib_a-__atexit.o)
__bss_end__                                       /usr/lib/gcc/arm-none-eabi/10.3.1/../../../arm-none-eabi/lib/thumb/v7e-m+fp/hard/crt0.o
__bss_start__                                     /usr/lib/gcc/arm-none-eabi/10.3.1/../../../arm-none-eabi/lib/thumb/v7e-m+fp/hard/crt0.o
__call_exitprocs                                  /usr/lib/gcc/arm-none-eabi/10.3.1/../../../arm-none-eabi/lib/thumb/v7e-m+fp/hard/libc_nano.a(lib_a-__call_atexit.o)
                                                  /usr/lib/gcc/arm-none-eabi/10.3.1/../../../arm-none-eabi/lib/thumb/v7e-m+fp/hard/libc_nano.a(lib_a-__atexit.o)
                                                  /usr/lib/gcc/arm-none-eabi/10.3.1/../../../arm-none-eabi/lib/thumb/v7e-m+fp/hard/libc_nano.a(lib_a-exit.o)
__deregister_frame_info                           /usr/lib/gcc/arm-none-eabi/10.3.1/thumb/v7e-m+fp/hard/crtbegin.o
__dso_handle                                      /usr/lib/gcc/arm-none-eabi/10.3.1/thumb/v7e-m+fp/hard/crtbegin.o
__fini_array_end                                  /usr/lib/gcc/arm-none-eabi/10.3.1/../../../arm-none-eabi/lib/thumb/v7e-m+fp/hard/libc_nano.a(lib_a-fini.o)
__fini_array_start                                /usr/lib/gcc/arm-none-eabi/10.3.1/../../../arm-none-eabi/lib/thumb/v7e-m+fp/hard/libc_nano.a(lib_a-fini.o)
__init_array_end                                  /usr/lib/gcc/arm-none-eabi/10.3.1/../../../arm-none-eabi/lib/thumb/v7e-m+fp/hard/libc_nano.a(lib_a-init.o)
__init_array_start                                /usr/lib/gcc/arm-none-eabi/10.3.1/../../../arm-none-eabi/lib/thumb/v7e-m+fp/hard/libc_nano.a(lib_a-init.o)
__libc_fini_array                                 /usr/lib/gcc/arm-none-eabi/10.3.1/../../../arm-none-eabi/lib/thumb/v7e-m+fp/hard/libc_nano.a(lib_a-fini.o)
                                                  /usr/lib/gcc/arm-none-eabi/10.3.1/../../../arm-none-eabi/lib/thumb/v7e-m+fp/hard/crt0.o
__libc_init_array                                 /usr/lib/gcc/arm-none-eabi/10.3.1/../../../arm-none-eabi/lib/thumb/v7e-m+fp/hard/libc_nano.a(lib_a-init.o)
                                                  build/startup_stm32f4xx.o
                                                  /usr/lib/gcc/arm-none-eabi/10.3.1/../../../arm-none-eabi/lib/thumb/v7e-m+fp/hard/crt0.o
__on_exit_args                                    /usr/lib/gcc/arm-none-eabi/10.3.1/../../../arm-none-eabi/lib/thumb/v7e-m+fp/hard/libc_nano.a(lib_a-__atexit.o)
__preinit_array_end                               /usr/lib/gcc/arm-none-eabi/10.3.1/../../../arm-none-eabi/lib/thumb/v7e-m+fp/hard/libc_nano.a(lib_a-init.o)
__preinit_array_start                             /usr/lib/gcc/arm-none-eabi/10.3.1/../../../arm-none-eabi/lib/thumb/v7e-m+fp/hard/libc_nano.a(lib_a-init.o)
__register_exitproc                               /usr/lib/gcc/arm-none-eabi/10.3.1/../../../arm-none-eabi/lib/thumb/v7e-m+fp/hard/libc_nano.a(lib_a-__atexit.o)
                                                  /usr/lib/gcc/arm-none-eabi/10.3.1/../../../arm-none-eabi/lib/thumb/v7e-m+fp/hard/libc_nano.a(lib_a-atexit.o)
__register_frame_info                             /usr/lib/gcc/arm-none-eabi/10.3.1/thumb/v7e-m+fp/hard/crtbegin.o
__sf_fake_stderr                                  /usr/lib/gcc/arm-none-eabi/10.3.1/../../../arm-none-eabi/lib/thumb/v7e-m+fp/hard/libc_nano.a(lib_a-impure.o)
__sf_fake_stdin                                   /usr/lib/gcc/arm-none-eabi/10.3.1/../../../arm-none-eabi/lib/thumb/v7e-m+fp/hard/libc_nano.a(lib_a-impure.o)
__sf_fake_stdout                                  /usr/lib/gcc/arm-none-eabi/10.3.1/../../../arm-none-eabi/lib/thumb/v7e-m+fp/hard/libc_nano.a(lib_a-impure.o)
__stack                                           /usr/lib/gcc/arm-none-eabi/10.3.1/../../../arm-none-eabi/lib/thumb/v7e-m+fp/hard/crt0.o
_ebss                                             build/startup_stm32f4xx.o
_edata                                            build/startup_stm32f4xx.o
_estack                                           build/startup_stm32f4xx.o
_exit                                             /usr/lib/gcc/arm-none-eabi/10.3.1/../../../arm-none-eabi/lib/thumb/v7e-m+fp/hard/libnosys.a(_exit.o)
                                                  /usr/lib/gcc/arm-none-eabi/10.3.1/../../../arm-none-eabi/lib/thumb/v7e-m+fp/hard/libc_nano.a(lib_a-exit.o)
_fini                                             /usr/lib/gcc/arm-none-eabi/10.3.1/thumb/v7e-m+fp/hard/crti.o
                                                  /usr/lib/gcc/arm-none-eabi/10.3.1/../../../arm-none-eabi/lib/thumb/v7e-m+fp/hard/libc_nano.a(lib_a-fini.o)
_global_atexit                                    /usr/lib/gcc/arm-none-eabi/10.3.1/../../../arm-none-eabi/lib/thumb/v7e-m+fp/hard/libc_nano.a(lib_a-__call_atexit.o)
                                                  /usr/lib/gcc/arm-none-eabi/10.3.1/../../../arm-none-eabi/lib/thumb/v7e-m+fp/hard/libc_nano.a(lib_a-__atexit.o)
_global_impure_ptr                                /usr/lib/gcc/arm-none-eabi/10.3.1/../../../arm-none-eabi/lib/thumb/v7e-m+fp/hard/libc_nano.a(lib_a-impure.o)
                                                  /usr/lib/gcc/arm-none-eabi/10.3.1/../../../arm-none-eabi/lib/thumb/v7e-m+fp/hard/libc_nano.a(lib_a-exit.o)
_impure_ptr                                       /usr/lib/gcc/arm-none-eabi/10.3.1/../../../arm-none-eabi/lib/thumb/v7e-m+fp/hard/libc_nano.a(lib_a-impure.o)
_init                                             /usr/lib/gcc/arm-none-eabi/10.3.1/thumb/v7e-m+fp/hard/crti.o
                                                  /usr/lib/gcc/arm-none-eabi/10.3.1/../../../arm-none-eabi/lib/thumb/v7e-m+fp/hard/libc_nano.a(lib_a-init.o)
_mainCRTStartup                                   /usr/lib/gcc/arm-none-eabi/10.3.1/../../../arm-none-eabi/lib/thumb/v7e-m+fp/hard/crt0.o
_sbss                                             build/startup_stm32f4xx.o
_sdata                                            build/startup_stm32f4xx.o
_sidata                                           build/startup_stm32f4xx.o
_stack_init                                       /usr/lib/gcc/arm-none-eabi/10.3.1/../../../arm-none-eabi/lib/thumb/v7e-m+fp/hard/crt0.o
_start                                            /usr/lib/gcc/arm-none-eabi/10.3.1/../../../arm-none-eabi/lib/thumb/v7e-m+fp/hard/crt0.o
atexit                                            /usr/lib/gcc/arm-none-eabi/10.3.1/../../../arm-none-eabi/lib/thumb/v7e-m+fp/hard/libc_nano.a(lib_a-atexit.o)
                                                  /usr/lib/gcc/arm-none-eabi/10.3.1/../../../arm-none-eabi/lib/thumb/v7e-m+fp/hard/crt0.o
delay_ms                                          build/delay.o
                                                  build/main.o
delay_us                                          build/delay.o
exit                                              /usr/lib/gcc/arm-none-eabi/10.3.1/../../../arm-none-eabi/lib/thumb/v7e-m+fp/hard/libc_nano.a(lib_a-exit.o)
                                                  /usr/lib/gcc/arm-none-eabi/10.3.1/../../../arm-none-eabi/lib/thumb/v7e-m+fp/hard/crt0.o
g_pfnVectors                                      build/startup_stm32f4xx.o
hardware_init_hook                                /usr/lib/gcc/arm-none-eabi/10.3.1/../../../arm-none-eabi/lib/thumb/v7e-m+fp/hard/crt0.o
main                                              build/main.o
                                                  build/startup_stm32f4xx.o
                                                  /usr/lib/gcc/arm-none-eabi/10.3.1/../../../arm-none-eabi/lib/thumb/v7e-m+fp/hard/crt0.o
malloc                                            /usr/lib/gcc/arm-none-eabi/10.3.1/../../../arm-none-eabi/lib/thumb/v7e-m+fp/hard/libc_nano.a(lib_a-__atexit.o)
memset                                            /usr/lib/gcc/arm-none-eabi/10.3.1/../../../arm-none-eabi/lib/thumb/v7e-m+fp/hard/libc_nano.a(lib_a-memset.o)
                                                  /usr/lib/gcc/arm-none-eabi/10.3.1/../../../arm-none-eabi/lib/thumb/v7e-m+fp/hard/crt0.o
software_init_hook                                /usr/lib/gcc/arm-none-eabi/10.3.1/../../../arm-none-eabi/lib/thumb/v7e-m+fp/hard/crt0.o
